// Vitest Snapshot v1, https://vitest.dev/guide/snapshot.html

exports[`shared button should invoke handle on click 1`] = `
<button
  class="standard-button"
  data-testid="button"
>
  Test
</button>
`;
